
> frontend@0.0.0 build
> tsc -b && vite build

[36mvite v7.3.1 [32mbuilding client environment for production...[36m[39m
transforming...
[32mΓ£ô[39m 2123 modules transformed.
rendering chunks...
computing gzip size...
[2mdist/[22m[32mindex.html                                                [39m[1m[2m    2.92 kB[22m[1m[22m[2m Γöé gzip:   0.85 kB[22m
[2mdist/[22m[32massets/features_icon02-_6sp4lwb.svg                       [39m[1m[2m    4.53 kB[22m[1m[22m[2m Γöé gzip:   2.01 kB[22m
[2mdist/[22m[32massets/breadcrumb_shape04-DAqeU8CB.svg                    [39m[1m[2m    5.85 kB[22m[1m[22m[2m Γöé gzip:   1.79 kB[22m
[2mdist/[22m[32massets/newsletter_shape03-Dcqpxrrb.png                    [39m[1m[2m    6.37 kB[22m[1m[22m
[2mdist/[22m[32massets/montserrat-vietnamese-500-normal-DpeZlV_K.woff     [39m[1m[2m    7.25 kB[22m[1m[22m
[2mdist/[22m[32massets/montserrat-vietnamese-400-normal-BeEscFYY.woff     [39m[1m[2m    7.27 kB[22m[1m[22m
[2mdist/[22m[32massets/montserrat-vietnamese-600-normal-SJ-HTWuM.woff     [39m[1m[2m    7.30 kB[22m[1m[22m
[2mdist/[22m[32massets/montserrat-vietnamese-700-normal-DnwGT2D9.woff     [39m[1m[2m    7.30 kB[22m[1m[22m
[2mdist/[22m[32massets/features_icon04-CJx13zjD.svg                       [39m[1m[2m    7.61 kB[22m[1m[22m[2m Γöé gzip:   3.10 kB[22m
[2mdist/[22m[32massets/testi_author02-ml4w3VT4.png                        [39m[1m[2m    7.85 kB[22m[1m[22m
[2mdist/[22m[32massets/montserrat-vietnamese-500-normal-NT-t8RG1.woff2    [39m[1m[2m    7.87 kB[22m[1m[22m
[2mdist/[22m[32massets/testi_author01-CTyeUN9A.png                        [39m[1m[2m    7.88 kB[22m[1m[22m
[2mdist/[22m[32massets/montserrat-vietnamese-400-normal-D4oHqQTd.woff2    [39m[1m[2m    7.90 kB[22m[1m[22m
[2mdist/[22m[32massets/montserrat-vietnamese-600-normal-DKe6qT_E.woff2    [39m[1m[2m    7.90 kB[22m[1m[22m
[2mdist/[22m[32massets/montserrat-vietnamese-700-normal-C0x1De3p.woff2    [39m[1m[2m    7.90 kB[22m[1m[22m
[2mdist/[22m[32massets/testi_author03-BA29XPWG.png                        [39m[1m[2m    7.96 kB[22m[1m[22m
[2mdist/[22m[32massets/features_icon03-CG7rog3K.svg                       [39m[1m[2m    8.28 kB[22m[1m[22m[2m Γöé gzip:   3.55 kB[22m
[2mdist/[22m[32massets/banner_shape02-CNw_iMPp.png                        [39m[1m[2m    8.37 kB[22m[1m[22m
[2mdist/[22m[32massets/montserrat-cyrillic-400-normal-jEs4Tk-Z.woff       [39m[1m[2m   10.91 kB[22m[1m[22m
[2mdist/[22m[32massets/montserrat-cyrillic-700-normal-BvLYcGP1.woff       [39m[1m[2m   10.93 kB[22m[1m[22m
[2mdist/[22m[32massets/montserrat-cyrillic-600-normal-DUglwBrH.woff       [39m[1m[2m   10.98 kB[22m[1m[22m
[2mdist/[22m[32massets/montserrat-cyrillic-400-normal-BPq32Q8K.woff2      [39m[1m[2m   10.98 kB[22m[1m[22m
[2mdist/[22m[32massets/montserrat-cyrillic-500-normal-CyGtXmN9.woff       [39m[1m[2m   10.99 kB[22m[1m[22m
[2mdist/[22m[32massets/montserrat-cyrillic-600-normal-CQEPC0hM.woff2      [39m[1m[2m   11.12 kB[22m[1m[22m
[2mdist/[22m[32massets/montserrat-cyrillic-500-normal-T0SG181k.woff2      [39m[1m[2m   11.13 kB[22m[1m[22m
[2mdist/[22m[32massets/montserrat-cyrillic-700-normal-D-Pqjtdp.woff2      [39m[1m[2m   11.16 kB[22m[1m[22m
[2mdist/[22m[32massets/montserrat-cyrillic-ext-400-normal-Xqov12YL.woff2  [39m[1m[2m   11.94 kB[22m[1m[22m
[2mdist/[22m[32massets/montserrat-cyrillic-ext-500-normal-11xBT7e1.woff2  [39m[1m[2m   11.96 kB[22m[1m[22m
[2mdist/[22m[32massets/montserrat-cyrillic-ext-500-normal-DOzfAZ45.woff   [39m[1m[2m   12.06 kB[22m[1m[22m
[2mdist/[22m[32massets/montserrat-cyrillic-ext-600-normal-BtBW-rpm.woff2  [39m[1m[2m   12.06 kB[22m[1m[22m
[2mdist/[22m[32massets/montserrat-cyrillic-ext-700-normal-MyDreaeu.woff2  [39m[1m[2m   12.06 kB[22m[1m[22m
[2mdist/[22m[32massets/montserrat-cyrillic-ext-700-normal-D-Mk2xRJ.woff   [39m[1m[2m   12.08 kB[22m[1m[22m
[2mdist/[22m[32massets/montserrat-cyrillic-ext-600-normal-wReYPmz2.woff   [39m[1m[2m   12.08 kB[22m[1m[22m
[2mdist/[22m[32massets/montserrat-cyrillic-ext-400-normal-DRPPeomZ.woff   [39m[1m[2m   12.09 kB[22m[1m[22m
[2mdist/[22m[32massets/instructor06-B-NENjyy.png                          [39m[1m[2m   12.19 kB[22m[1m[22m
[2mdist/[22m[32massets/banner_shape01-BBiaNtsY.png                        [39m[1m[2m   12.39 kB[22m[1m[22m
[2mdist/[22m[32massets/features_icon01-BJx29JKg.svg                       [39m[1m[2m   12.50 kB[22m[1m[22m[2m Γöé gzip:   4.96 kB[22m
[2mdist/[22m[32massets/instructor04-DbSnBdZJ.png                          [39m[1m[2m   14.01 kB[22m[1m[22m
[2mdist/[22m[32massets/instructor05-D3IYb2O1.png                          [39m[1m[2m   14.23 kB[22m[1m[22m
[2mdist/[22m[32massets/instructor01-BXxLfhlb.png                          [39m[1m[2m   14.38 kB[22m[1m[22m
[2mdist/[22m[32massets/breadcrumb_shape02-BY65dqLl.svg                    [39m[1m[2m   17.31 kB[22m[1m[22m[2m Γöé gzip:   8.03 kB[22m
[2mdist/[22m[32massets/breadcrumb_shape01-Dy4f8StF.svg                    [39m[1m[2m   17.71 kB[22m[1m[22m[2m Γöé gzip:   6.84 kB[22m
[2mdist/[22m[32massets/instructor_two01-Bmf8tyKo.png                      [39m[1m[2m   18.02 kB[22m[1m[22m
[2mdist/[22m[32massets/montserrat-latin-600-normal-UVxSCcoG.woff2         [39m[1m[2m   18.69 kB[22m[1m[22m
[2mdist/[22m[32massets/montserrat-latin-500-normal-DRFEGfly.woff2         [39m[1m[2m   18.75 kB[22m[1m[22m
[2mdist/[22m[32massets/montserrat-latin-400-normal-BLhwKU8k.woff2         [39m[1m[2m   18.78 kB[22m[1m[22m
[2mdist/[22m[32massets/montserrat-latin-700-normal-BdjcYUrC.woff2         [39m[1m[2m   18.82 kB[22m[1m[22m
[2mdist/[22m[32massets/about_shape-CVPuZ2gR.svg                           [39m[1m[2m   20.41 kB[22m[1m[22m[2m Γöé gzip:   8.56 kB[22m
[2mdist/[22m[32massets/montserrat-latin-600-normal-CdhFl4lI.woff          [39m[1m[2m   20.55 kB[22m[1m[22m
[2mdist/[22m[32massets/montserrat-latin-500-normal-Dok2oTci.woff          [39m[1m[2m   20.61 kB[22m[1m[22m
[2mdist/[22m[32massets/montserrat-latin-400-normal-xItZbAXg.woff          [39m[1m[2m   20.65 kB[22m[1m[22m
[2mdist/[22m[32massets/montserrat-latin-700-normal-BWkrl476.woff          [39m[1m[2m   20.67 kB[22m[1m[22m
[2mdist/[22m[32massets/instructor_two02-D0pL7yOA.png                      [39m[1m[2m   25.85 kB[22m[1m[22m
[2mdist/[22m[32massets/newsletter_img-BRtj_nY3.png                        [39m[1m[2m   26.44 kB[22m[1m[22m
[2mdist/[22m[32massets/montserrat-latin-ext-400-normal-B8bwfy6Y.woff2     [39m[1m[2m   32.27 kB[22m[1m[22m
[2mdist/[22m[32massets/montserrat-latin-ext-500-normal-BKtbrd6n.woff2     [39m[1m[2m   32.29 kB[22m[1m[22m
[2mdist/[22m[32massets/montserrat-latin-ext-600-normal-DSkTqI9L.woff2     [39m[1m[2m   33.19 kB[22m[1m[22m
[2mdist/[22m[32massets/montserrat-latin-ext-700-normal-BOP2Nhf0.woff2     [39m[1m[2m   33.53 kB[22m[1m[22m
[2mdist/[22m[32massets/montserrat-latin-ext-400-normal-BffdBkAA.woff      [39m[1m[2m   40.37 kB[22m[1m[22m
[2mdist/[22m[32massets/montserrat-latin-ext-500-normal-DWPqqZgs.woff      [39m[1m[2m   40.39 kB[22m[1m[22m
[2mdist/[22m[32massets/montserrat-latin-ext-600-normal-CSDhkhgS.woff      [39m[1m[2m   41.04 kB[22m[1m[22m
[2mdist/[22m[32massets/montserrat-latin-ext-700-normal-DdDFr05Z.woff      [39m[1m[2m   41.34 kB[22m[1m[22m
[2mdist/[22m[32massets/breadcrumb_shape03-DOTEwljU.svg                    [39m[1m[2m   42.59 kB[22m[1m[22m[2m Γöé gzip:  19.09 kB[22m
[2mdist/[22m[32massets/blog_post02-Cz9ucK7T.jpg                           [39m[1m[2m   47.56 kB[22m[1m[22m
[2mdist/[22m[32massets/Garet-Regular-CMm4Ne9e.woff2                       [39m[1m[2m   48.43 kB[22m[1m[22m
[2mdist/[22m[32massets/blog_post04-DkIyurIV.jpg                           [39m[1m[2m   48.46 kB[22m[1m[22m
[2mdist/[22m[32massets/Garet-Medium-KsELQW8c.woff2                        [39m[1m[2m   49.38 kB[22m[1m[22m
[2mdist/[22m[32massets/Garet-Extra-Bold-DlilmIgZ.woff2                    [39m[1m[2m   49.80 kB[22m[1m[22m
[2mdist/[22m[32massets/Garet-Bold-DWWVWk6i.woff2                          [39m[1m[2m   50.00 kB[22m[1m[22m
[2mdist/[22m[32massets/digitalhub-RckIc1Du.png                            [39m[1m[2m   50.58 kB[22m[1m[22m
[2mdist/[22m[32massets/h2_instructor02-BPgL1ehP.png                       [39m[1m[2m   51.70 kB[22m[1m[22m
[2mdist/[22m[32massets/Garet-Bold-Italic-CRC50HDC.woff2                   [39m[1m[2m   52.70 kB[22m[1m[22m
[2mdist/[22m[32massets/h2_instructor04-B6X7pqnG.png                       [39m[1m[2m   55.70 kB[22m[1m[22m
[2mdist/[22m[32massets/h2_instructor05-CyWfcTK5.png                       [39m[1m[2m   56.16 kB[22m[1m[22m
[2mdist/[22m[32massets/h2_instructor03-DzYuy8gQ.png                       [39m[1m[2m   57.85 kB[22m[1m[22m
[2mdist/[22m[32massets/h6_blog_post02-BGeCXlIU.jpg                        [39m[1m[2m   58.69 kB[22m[1m[22m
[2mdist/[22m[32massets/h5_blog_post02-CJpssFnG.jpg                        [39m[1m[2m   59.77 kB[22m[1m[22m
[2mdist/[22m[32massets/blog_post01-fV_agWC7.jpg                           [39m[1m[2m   64.26 kB[22m[1m[22m
[2mdist/[22m[32massets/h8_blog_post03-7ts59k5M.jpg                        [39m[1m[2m   65.94 kB[22m[1m[22m
[2mdist/[22m[32massets/h4_blog_post03-8V0NeJox.jpg                        [39m[1m[2m   66.88 kB[22m[1m[22m
[2mdist/[22m[32massets/h4_blog_post01-CNweJY0c.jpg                        [39m[1m[2m   68.25 kB[22m[1m[22m
[2mdist/[22m[32massets/h8_blog_post02-llFg0FCr.jpg                        [39m[1m[2m   68.64 kB[22m[1m[22m
[2mdist/[22m[32massets/h2_instructor01-ESZVrOiJ.png                       [39m[1m[2m   69.06 kB[22m[1m[22m
[2mdist/[22m[32massets/h6_blog_post01-immoBEAM.jpg                        [39m[1m[2m   69.23 kB[22m[1m[22m
[2mdist/[22m[32massets/h4_blog_post02-ry75Umo4.jpg                        [39m[1m[2m   74.68 kB[22m[1m[22m
[2mdist/[22m[32massets/blog_post03-XFZsvGz1.jpg                           [39m[1m[2m   75.98 kB[22m[1m[22m
[2mdist/[22m[32massets/h6_blog_post03-BtL0HYjK.jpg                        [39m[1m[2m   85.37 kB[22m[1m[22m
[2mdist/[22m[32massets/h8_blog_post01-DYVi6hAv.jpg                        [39m[1m[2m   99.12 kB[22m[1m[22m
[2mdist/[22m[32massets/h5_blog_post03-DIrIwb2k.jpg                        [39m[1m[2m  115.15 kB[22m[1m[22m
[2mdist/[22m[32massets/h5_blog_post01-KDSGcwBS.jpg                        [39m[1m[2m  129.93 kB[22m[1m[22m
[2mdist/[22m[32massets/bg_dots-B96VDsI6.svg                               [39m[1m[2m  397.05 kB[22m[1m[22m[2m Γöé gzip:  90.47 kB[22m
[2mdist/[22m[32massets/about_img-DkXk4R8t.png                             [39m[1m[2m1,674.72 kB[22m[1m[22m
[2mdist/[22m[32massets/inner_about_img-C5moR59I.png                       [39m[1m[2m2,301.16 kB[22m[1m[22m
[2mdist/[22m[32massets/banner_img-Pwjc2jzN.png                            [39m[1m[2m3,081.13 kB[22m[1m[22m
[2mdist/[22m[35massets/AdmissionsPage-D04sSjCj.css                        [39m[1m[2m    1.93 kB[22m[1m[22m[2m Γöé gzip:   0.64 kB[22m
[2mdist/[22m[35massets/MessageTemplatesPage-CDPZFfbU.css                  [39m[1m[2m    3.63 kB[22m[1m[22m[2m Γöé gzip:   1.07 kB[22m
[2mdist/[22m[35massets/AboutBuilderPage-DDS_-vSY.css                      [39m[1m[2m    5.48 kB[22m[1m[22m[2m Γöé gzip:   1.35 kB[22m
[2mdist/[22m[35massets/VisualEditorPage-X7S_MUpz.css                      [39m[1m[2m    8.29 kB[22m[1m[22m[2m Γöé gzip:   2.16 kB[22m
[2mdist/[22m[35massets/FormsPage-C2lQHaRL.css                             [39m[1m[2m   11.94 kB[22m[1m[22m[2m Γöé gzip:   2.71 kB[22m
[2mdist/[22m[35massets/CsvImportPage-DHLuu751.css                         [39m[1m[2m   13.14 kB[22m[1m[22m[2m Γöé gzip:   2.69 kB[22m
[2mdist/[22m[35massets/general-apply-B967CZCV.css                         [39m[1m[2m   15.75 kB[22m[1m[22m[2m Γöé gzip:   3.34 kB[22m
[2mdist/[22m[35massets/OverviewPage-BDlHABkD.css                          [39m[1m[2m   23.67 kB[22m[1m[22m[2m Γöé gzip:   4.26 kB[22m
[2mdist/[22m[35massets/index-CpEwf9xq.css                                 [39m[1m[2m  209.48 kB[22m[1m[22m[2m Γöé gzip:  34.17 kB[22m
[2mdist/[22m[36massets/inner_about_img-CgkO_GOv.js                        [39m[1m[2m    0.06 kB[22m[1m[22m[2m Γöé gzip:   0.08 kB[22m
[2mdist/[22m[36massets/courses-CvBTfTbh.js                                [39m[1m[2m    0.12 kB[22m[1m[22m[2m Γöé gzip:   0.13 kB[22m
[2mdist/[22m[36massets/Card-Cm45TBI7.js                                   [39m[1m[2m    0.16 kB[22m[1m[22m[2m Γöé gzip:   0.15 kB[22m
[2mdist/[22m[36massets/Badge-DEcTPw7d.js                                  [39m[1m[2m    0.19 kB[22m[1m[22m[2m Γöé gzip:   0.17 kB[22m
[2mdist/[22m[36massets/format-Qqdr44yR.js                                 [39m[1m[2m    0.20 kB[22m[1m[22m[2m Γöé gzip:   0.13 kB[22m
[2mdist/[22m[36massets/circle-alert-CGBa_k22.js                           [39m[1m[2m    0.26 kB[22m[1m[22m[2m Γöé gzip:   0.20 kB[22m
[2mdist/[22m[36massets/external-link-BRUwlZOL.js                          [39m[1m[2m    0.26 kB[22m[1m[22m[2m Γöé gzip:   0.21 kB[22m
[2mdist/[22m[36massets/StatsCard-C3KivczE.js                              [39m[1m[2m    0.35 kB[22m[1m[22m[2m Γöé gzip:   0.21 kB[22m
[2mdist/[22m[36massets/cmsImageResolver-D_972WEk.js                       [39m[1m[2m    0.37 kB[22m[1m[22m[2m Γöé gzip:   0.24 kB[22m
[2mdist/[22m[36massets/feedbackToast-CEb9YcSn.js                          [39m[1m[2m    0.41 kB[22m[1m[22m[2m Γöé gzip:   0.28 kB[22m
[2mdist/[22m[36massets/team-Bad2-ECh.js                                   [39m[1m[2m    0.42 kB[22m[1m[22m[2m Γöé gzip:   0.31 kB[22m
[2mdist/[22m[36massets/instructors-BOxvaDzq.js                            [39m[1m[2m    0.44 kB[22m[1m[22m[2m Γöé gzip:   0.31 kB[22m
[2mdist/[22m[36massets/participants-Bn2CfBv6.js                           [39m[1m[2m    0.46 kB[22m[1m[22m[2m Γöé gzip:   0.32 kB[22m
[2mdist/[22m[36massets/PageShell-Dv9HXcBd.js                              [39m[1m[2m    0.52 kB[22m[1m[22m[2m Γöé gzip:   0.26 kB[22m
[2mdist/[22m[36massets/Pagination-B_qgTu1j.js                             [39m[1m[2m    0.55 kB[22m[1m[22m[2m Γöé gzip:   0.30 kB[22m
[2mdist/[22m[36massets/Table-DXvS3nKF.js                                  [39m[1m[2m    0.79 kB[22m[1m[22m[2m Γöé gzip:   0.39 kB[22m
[2mdist/[22m[36massets/FilterBar-tQxefzIM.js                              [39m[1m[2m    0.99 kB[22m[1m[22m[2m Γöé gzip:   0.46 kB[22m
[2mdist/[22m[36massets/people.sections-9pR6sD3K.js                        [39m[1m[2m    1.03 kB[22m[1m[22m[2m Γöé gzip:   0.36 kB[22m
[2mdist/[22m[36massets/createLucideIcon-CzdGTKrJ.js                       [39m[1m[2m    1.17 kB[22m[1m[22m[2m Γöé gzip:   0.69 kB[22m
[2mdist/[22m[36massets/PageMeta-j9E4LQeO.js                               [39m[1m[2m    1.30 kB[22m[1m[22m[2m Γöé gzip:   0.68 kB[22m
[2mdist/[22m[36massets/privacy-DCxcSo8Q.js                                [39m[1m[2m    1.52 kB[22m[1m[22m[2m Γöé gzip:   0.73 kB[22m
[2mdist/[22m[36massets/terms-DnV4VAPk.js                                  [39m[1m[2m    1.53 kB[22m[1m[22m[2m Γöé gzip:   0.74 kB[22m
[2mdist/[22m[36massets/BreadcrumbOne-CCfLb97X.js                          [39m[1m[2m    1.53 kB[22m[1m[22m[2m Γöé gzip:   0.58 kB[22m
[2mdist/[22m[36massets/StatusPanel-D51PdmFt.js                            [39m[1m[2m    1.56 kB[22m[1m[22m[2m Γöé gzip:   0.68 kB[22m
[2mdist/[22m[36massets/ForgotPasswordPage-CcC5uewm.js                     [39m[1m[2m    1.63 kB[22m[1m[22m[2m Γöé gzip:   0.81 kB[22m
[2mdist/[22m[36massets/LoginPage-2_wGkO9F.js                              [39m[1m[2m    1.78 kB[22m[1m[22m[2m Γöé gzip:   0.82 kB[22m
[2mdist/[22m[36massets/faq-B45L58Jl.js                                    [39m[1m[2m    1.95 kB[22m[1m[22m[2m Γöé gzip:   0.83 kB[22m
[2mdist/[22m[36massets/ResetPasswordPage-C_FBgijs.js                      [39m[1m[2m    2.05 kB[22m[1m[22m[2m Γöé gzip:   0.89 kB[22m
[2mdist/[22m[36massets/QuickPreviewPanel-D7c-c5CG.js                      [39m[1m[2m    2.43 kB[22m[1m[22m[2m Γöé gzip:   1.02 kB[22m
[2mdist/[22m[36massets/CsvExportModal-BlxtF007.js                         [39m[1m[2m    3.07 kB[22m[1m[22m[2m Γöé gzip:   1.25 kB[22m
[2mdist/[22m[36massets/AnnouncementCard-DZAT1t7g.js                       [39m[1m[2m    3.52 kB[22m[1m[22m[2m Γöé gzip:   1.37 kB[22m
[2mdist/[22m[36massets/general-apply-BDS_Gulz.js                          [39m[1m[2m    3.66 kB[22m[1m[22m[2m Γöé gzip:   1.63 kB[22m
[2mdist/[22m[36massets/programCardStyle-CTeopxBj.js                       [39m[1m[2m    3.76 kB[22m[1m[22m[2m Γöé gzip:   1.59 kB[22m
[2mdist/[22m[36massets/CmsMediaPickerModal-BPi4ycRs.js                    [39m[1m[2m    3.94 kB[22m[1m[22m[2m Γöé gzip:   1.79 kB[22m
[2mdist/[22m[36massets/events-slug-B8PnXwkX.js                            [39m[1m[2m    5.32 kB[22m[1m[22m[2m Γöé gzip:   1.94 kB[22m
[2mdist/[22m[36massets/announcementPrompts-fMvmY13z.js                    [39m[1m[2m    5.94 kB[22m[1m[22m[2m Γöé gzip:   1.88 kB[22m
[2mdist/[22m[36massets/MessagesPage-Bi4Py_eO.js                           [39m[1m[2m    6.83 kB[22m[1m[22m[2m Γöé gzip:   2.33 kB[22m
[2mdist/[22m[36massets/SubscribersPage-DR3O01Oq.js                        [39m[1m[2m    7.41 kB[22m[1m[22m[2m Γöé gzip:   2.73 kB[22m
[2mdist/[22m[36massets/NotificationsPage-DjGR4QqY.js                      [39m[1m[2m    7.72 kB[22m[1m[22m[2m Γöé gzip:   2.48 kB[22m
[2mdist/[22m[36massets/ThemeTokensPage-C21xWiio.js                        [39m[1m[2m    7.75 kB[22m[1m[22m[2m Γöé gzip:   2.78 kB[22m
[2mdist/[22m[36massets/SubscribeModal-C8hLKu4J.js                         [39m[1m[2m    7.90 kB[22m[1m[22m[2m Γöé gzip:   2.77 kB[22m
[2mdist/[22m[36massets/contact-Eq1cXW79.js                                [39m[1m[2m    8.82 kB[22m[1m[22m[2m Γöé gzip:   2.86 kB[22m
[2mdist/[22m[36massets/ActivityLogsPage-jtbR0fQp.js                       [39m[1m[2m    8.92 kB[22m[1m[22m[2m Γöé gzip:   2.68 kB[22m
[2mdist/[22m[36massets/about-us-B7LBF8SQ.js                               [39m[1m[2m   11.88 kB[22m[1m[22m[2m Γöé gzip:   4.21 kB[22m
[2mdist/[22m[36massets/AdminManagementPage-CEgmTX5Z.js                    [39m[1m[2m   12.18 kB[22m[1m[22m[2m Γöé gzip:   3.36 kB[22m
[2mdist/[22m[36massets/AttendancePage-BTHq0TY0.js                         [39m[1m[2m   12.71 kB[22m[1m[22m[2m Γöé gzip:   3.92 kB[22m
[2mdist/[22m[36massets/SiteSettingsPage-BwJd-Wqg.js                       [39m[1m[2m   13.21 kB[22m[1m[22m[2m Γöé gzip:   3.45 kB[22m
[2mdist/[22m[36massets/hire-talent-XG_p-nho.js                            [39m[1m[2m   14.68 kB[22m[1m[22m[2m Γöé gzip:   4.80 kB[22m
[2mdist/[22m[36massets/react-paginate-DzlgL2LF.js                         [39m[1m[2m   15.01 kB[22m[1m[22m[2m Γöé gzip:   4.82 kB[22m
[2mdist/[22m[36massets/ProfilesManagersPage-vY_yQnvU.js                   [39m[1m[2m   15.01 kB[22m[1m[22m[2m Γöé gzip:   3.87 kB[22m
[2mdist/[22m[36massets/cohorts-id-2O07FWTs.js                             [39m[1m[2m   16.45 kB[22m[1m[22m[2m Γöé gzip:   4.50 kB[22m
[2mdist/[22m[36massets/programs-D6IlyGmu.js                               [39m[1m[2m   17.05 kB[22m[1m[22m[2m Γöé gzip:   3.96 kB[22m
[2mdist/[22m[36massets/MyProfilePage-lLnI_Ctc.js                          [39m[1m[2m   17.11 kB[22m[1m[22m[2m Γöé gzip:   4.38 kB[22m
[2mdist/[22m[36massets/MessageTemplatesPage-DDorvPWm.js                   [39m[1m[2m   17.32 kB[22m[1m[22m[2m Γöé gzip:   4.88 kB[22m
[2mdist/[22m[36massets/events-BS3QQwEF.js                                 [39m[1m[2m   17.81 kB[22m[1m[22m[2m Γöé gzip:   5.51 kB[22m
[2mdist/[22m[36massets/ContactInboxPage-CjgktLzr.js                       [39m[1m[2m   19.29 kB[22m[1m[22m[2m Γöé gzip:   5.40 kB[22m
[2mdist/[22m[36massets/apply-WqqY9uxY.js                                  [39m[1m[2m   19.70 kB[22m[1m[22m[2m Γöé gzip:   5.21 kB[22m
[2mdist/[22m[36massets/AboutBuilderPage-CpVZ_V3S.js                       [39m[1m[2m   21.40 kB[22m[1m[22m[2m Γöé gzip:   5.83 kB[22m
[2mdist/[22m[36massets/ProfilesInstructorsPage-DM9-Ex1v.js                [39m[1m[2m   23.46 kB[22m[1m[22m[2m Γöé gzip:   5.09 kB[22m

(!) Some chunks are larger than 500 kB after minification. Consider:
- Using dynamic import() to code-split the application
- Use build.rollupOptions.output.manualChunks to improve chunking: https://rollupjs.org/configuration-options/#output-manualchunks
- Adjust chunk size limit for this warning via build.chunkSizeWarningLimit.
[2mdist/[22m[36massets/EventsPage-XPZjzaW9.js                             [39m[1m[2m   24.54 kB[22m[1m[22m[2m Γöé gzip:   6.13 kB[22m
[2mdist/[22m[36massets/AnnouncementsPage-DEldF5cJ.js                      [39m[1m[2m   24.55 kB[22m[1m[22m[2m Γöé gzip:   6.07 kB[22m
[2mdist/[22m[36massets/HomeSectionsPage-DMbSm8ID.js                       [39m[1m[2m   24.60 kB[22m[1m[22m[2m Γöé gzip:   6.91 kB[22m
[2mdist/[22m[36massets/FormsPage-o-IBU0Qz.js                              [39m[1m[2m   26.21 kB[22m[1m[22m[2m Γöé gzip:   6.52 kB[22m
[2mdist/[22m[36massets/ProgramsPage-DfEaXPrL.js                           [39m[1m[2m   28.14 kB[22m[1m[22m[2m Γöé gzip:   8.21 kB[22m
[2mdist/[22m[36massets/PeopleDirectory-_6_MD46w.js                        [39m[1m[2m   28.43 kB[22m[1m[22m[2m Γöé gzip:   7.32 kB[22m
[2mdist/[22m[36massets/CohortsPage-DSTxbyTM.js                            [39m[1m[2m   32.52 kB[22m[1m[22m[2m Γöé gzip:   7.97 kB[22m
[2mdist/[22m[36massets/GeneralApplyPage-DtnsSbRR.js                       [39m[1m[2m   33.68 kB[22m[1m[22m[2m Γöé gzip:   9.40 kB[22m
[2mdist/[22m[36massets/CsvImportPage-D7T7_c1P.js                          [39m[1m[2m   36.23 kB[22m[1m[22m[2m Γöé gzip:   9.16 kB[22m
[2mdist/[22m[36massets/ProfilesStudentsPage-Dh_PB4qz.js                   [39m[1m[2m   36.66 kB[22m[1m[22m[2m Γöé gzip:   8.15 kB[22m
[2mdist/[22m[36massets/home-Bd1HV94N.js                                   [39m[1m[2m   38.26 kB[22m[1m[22m[2m Γöé gzip:  10.95 kB[22m
[2mdist/[22m[36massets/AdmissionsPage-CuBPSA-c.js                         [39m[1m[2m   41.31 kB[22m[1m[22m[2m Γöé gzip:  11.95 kB[22m
[2mdist/[22m[36massets/PagesPage-C080Id1N.js                              [39m[1m[2m   41.70 kB[22m[1m[22m[2m Γöé gzip:   9.26 kB[22m
[2mdist/[22m[36massets/OverviewPage-C948XZCs.js                           [39m[1m[2m   42.04 kB[22m[1m[22m[2m Γöé gzip:  11.30 kB[22m
[2mdist/[22m[36massets/VisualEditorPage-DZQUajfm.js                       [39m[1m[2m   79.72 kB[22m[1m[22m[2m Γöé gzip:  21.27 kB[22m
[2mdist/[22m[36massets/navigation-D-_AOhqH.js                             [39m[1m[2m  105.03 kB[22m[1m[22m[2m Γöé gzip:  36.82 kB[22m
[2mdist/[22m[36massets/index-yHdVBrWt.js                                  [39m[1m[33m1,066.48 kB[39m[22m[2m Γöé gzip: 324.75 kB[22m
[32mΓ£ô built in 13.14s[39m
